
Memory Configuration

Name             Origin             Length             Attributes
RAM              0x0000000000008000 0x0000000000100000 xrw
*default*        0x0000000000000000 0xffffffffffffffff

Linker script and memory map

LOAD build/mailbox.o
LOAD build/main.o
LOAD build/counter.o
LOAD build/led.o
LOAD ./libcsud.a

.init           0x0000000000008000        0x8
 *(.init)
 .init          0x0000000000008000        0x8 build/main.o
                0x0000000000008000                _start

.text           0x0000000000008008      0x374
 *(.text)
 .text          0x0000000000008008       0x4c build/mailbox.o
                0x0000000000008008                mailbox_write
                0x0000000000008020                mailbox_read
 .text          0x0000000000008054      0x2cc build/main.o
 .text          0x0000000000008320       0x20 build/counter.o
                0x0000000000008320                delay
 .text          0x0000000000008340       0x3c build/led.o
                0x0000000000008340                set_led_state

.glue_7         0x000000000000837c        0x0
 .glue_7        0x000000000000837c        0x0 linker stubs

.glue_7t        0x000000000000837c        0x0
 .glue_7t       0x000000000000837c        0x0 linker stubs

.vfp11_veneer   0x000000000000837c        0x0
 .vfp11_veneer  0x000000000000837c        0x0 linker stubs

.v4_bx          0x000000000000837c        0x0
 .v4_bx         0x000000000000837c        0x0 linker stubs

.iplt           0x000000000000837c        0x0
 .iplt          0x000000000000837c        0x0 build/main.o

.rel.dyn        0x000000000000837c        0x0
 .rel.iplt      0x000000000000837c        0x0 build/main.o

.data           0x0000000000008380       0x24
 *(.data)
 .data          0x0000000000008380        0x0 build/mailbox.o
 .data          0x0000000000008380        0x0 build/main.o
 .data          0x0000000000008380        0x0 build/counter.o
 .data          0x0000000000008380       0x24 build/led.o
OUTPUT(build/output.elf elf32-littlearm)

.igot.plt       0x00000000000083a4        0x0
 .igot.plt      0x00000000000083a4        0x0 build/main.o

.bss            0x00000000000083a4        0x0
 .bss           0x00000000000083a4        0x0 build/mailbox.o
 .bss           0x00000000000083a4        0x0 build/main.o
 .bss           0x00000000000083a4        0x0 build/counter.o
 .bss           0x00000000000083a4        0x0 build/led.o

.ARM.attributes
                0x0000000000000000       0x14
 .ARM.attributes
                0x0000000000000000       0x14 build/mailbox.o
 .ARM.attributes
                0x0000000000000014       0x14 build/main.o
 .ARM.attributes
                0x0000000000000028       0x14 build/counter.o
 .ARM.attributes
                0x000000000000003c       0x14 build/led.o
